// Jest Snapshot v1, https://goo.gl/fbAQLP

exports[`CalendarDateInputModal renders with snapshot 1`] = `
<styled.div
  style={
    Object {
      "height": "450px",
      "width": "300px",
    }
  }
>
  <styled.div
    size={
      Object {
        "height": "450px",
        "width": "300px",
      }
    }
  >
    자세히 보기
  </styled.div>
  <styled.div
    size={
      Object {
        "height": "450px",
        "width": "300px",
      }
    }
  >
    <styled.div
      size={
        Object {
          "height": "450px",
          "width": "300px",
        }
      }
    >
      <styled.div>
        아무런 스케줄이 없습니다
      </styled.div>
    </styled.div>
  </styled.div>
  <styled.div
    size={
      Object {
        "height": "450px",
        "width": "300px",
      }
    }
  >
    <styled.button
      onClick={[Function]}
    >
      닫기
    </styled.button>
  </styled.div>
</styled.div>
`;
