// Jest Snapshot v1, https://goo.gl/fbAQLP

exports[`CalendarDateInputModal renders with snapshot 1`] = `
<styled.div
  style={
    Object {
      "height": "",
      "widht": "",
    }
  }
>
  <styled.div
    size={
      Object {
        "height": "",
        "widht": "",
      }
    }
  >
    자세히 보기
  </styled.div>
  <styled.div
    size={
      Object {
        "height": "",
        "widht": "",
      }
    }
  >
    <styled.div
      size={
        Object {
          "height": "",
          "widht": "",
        }
      }
    />
  </styled.div>
  <styled.div
    size={
      Object {
        "height": "",
        "widht": "",
      }
    }
  >
    <styled.button
      onClick={[Function]}
    >
      닫기
    </styled.button>
  </styled.div>
</styled.div>
`;
